nRF24L01P.c:212:6:TM_NRF24L01_InitPins	8	static
nRF24L01P.c:221:6:NRF24L01_FlushTX	16	static
nRF24L01P.c:232:6:NRF24L01_FlushRX	16	static
nRF24L01P.c:242:6:TM_NRF24L01_WriteRegister	32	static
nRF24L01P.c:253:6:TM_NRF24L01_WriteRegisterMulti	32	static
nRF24L01P.c:264:9:TM_NRF24L01_ReadRegister	32	static
nRF24L01P.c:280:6:TM_NRF24L01_ReadRegisterMulti	40	static
nRF24L01P.c:294:6:TM_NRF24L01_WriteBit	24	static
nRF24L01P.c:312:9:TM_NRF24L01_ReadBit	8	static
nRF24L01P.c:386:6:TM_NRF24L01_SetMyAddress	16	static
nRF24L01P.c:393:6:TM_NRF24L01_SetTxAddress	16	static
nRF24L01P.c:419:6:TM_NRF24L01_PowerDown	8	static
nRF24L01P.c:452:6:TM_NRF24L01_GetData	32	static
nRF24L01P.c:479:9:TM_NRF24L01_RxFifoEmpty	8	static
nRF24L01P.c:485:9:TM_NRF24L01_GetStatus	24	static
nRF24L01P.c:468:9:TM_NRF24L01_DataReady	8	static
nRF24L01P.c:500:31:TM_NRF24L01_GetTransmissionStatus	8	static
nRF24L01P.c:515:6:TM_NRF24L01_SoftwareReset	24	static
nRF24L01P.c:570:9:TM_NRF24L01_GetRetransmissionsCount	8	static
nRF24L01P.c:576:6:TM_NRF24L01_SetChannel	8	static
nRF24L01P.c:587:6:TM_NRF24L01_SetRF	8	static
nRF24L01P.c:611:9:TM_NRF24L01_Read_Interrupts	8	static
nRF24L01P.c:617:6:TM_NRF24L01_Clear_Interrupts	8	static
nRF24L01P.c:399:6:TM_NRF24L01_PowerUpTx	8	static
nRF24L01P.c:425:6:TM_NRF24L01_Transmit	24	static
nRF24L01P.c:405:6:TM_NRF24L01_PowerUpRx	8	static
nRF24L01P.c:324:9:TM_NRF24L01_Init	24	static
nRF24L01P.c:623:6:TM_NRF24L01_setCrcWidth	16	static
nRF24L01P.c:653:6:TM_NRF24L01_disableAutoAcknowledge	8	static
